// Jest Snapshot v1, https://goo.gl/fbAQLP

exports[`Calendar snapshot 1`] = `
<section
  className="calendar"
>
  <h3>
    Calandar
  </h3>
  <div
    className="panel"
  >
    <span
      className="panel__title"
      id="monthTitle"
    >
      January 2021
    </span>
    <span
      className="panel__navigation"
    >
      <span
        className="icon"
        id="prev"
        onClick={[Function]}
      >
        <svg
          className="icon__element"
        >
          <use
            xlinkHref="/images/icons.svg#prev"
          />
        </svg>
      </span>
      <span
        className="icon"
        id="next"
        onClick={[Function]}
      >
        <svg
          className="icon__element"
        >
          <use
            xlinkHref="/images/icons.svg#next"
          />
        </svg>
      </span>
    </span>
  </div>
  <section
    className="grid"
  >
    <div
      className="grid__header"
    >
      Mon
    </div>
    <div
      className="grid__header"
    >
      Tue
    </div>
    <div
      className="grid__header"
    >
      Wed
    </div>
    <div
      className="grid__header"
    >
      Thu
    </div>
    <div
      className="grid__header"
    >
      Fri
    </div>
    <div
      className="grid__header"
    >
      Sat
    </div>
    <div
      className="grid__header"
    >
      Sun
    </div>
    <article
      className="day outmonth"
    >
      <h4>
        28
      </h4>
      <p />
    </article>
    <article
      className="day outmonth"
    >
      <h4>
        29
      </h4>
      <p />
    </article>
    <article
      className="day outmonth"
    >
      <h4>
        30
      </h4>
      <p />
    </article>
    <article
      className="day outmonth"
    >
      <h4>
        31
      </h4>
      <p />
    </article>
    <article
      className="day inmonth"
    >
      <h4>
        1
      </h4>
      <p>
        <span
          className="icon"
          id="circle"
        >
          <svg
            className="icon__element event--success"
          >
            <use
              xlinkHref="/images/icons.svg#circle"
            />
          </svg>
        </span>
      </p>
    </article>
    <article
      className="day inmonth"
    >
      <h4>
        2
      </h4>
      <p />
    </article>
    <article
      className="day inmonth"
    >
      <h4>
        3
      </h4>
      <p />
    </article>
    <article
      className="day inmonth"
    >
      <h4>
        4
      </h4>
      <p />
    </article>
    <article
      className="day inmonth"
    >
      <h4>
        5
      </h4>
      <p />
    </article>
    <article
      className="day inmonth"
    >
      <h4>
        6
      </h4>
      <p />
    </article>
    <article
      className="day inmonth"
    >
      <h4>
        7
      </h4>
      <p />
    </article>
    <article
      className="day inmonth"
    >
      <h4>
        8
      </h4>
      <p />
    </article>
    <article
      className="day inmonth"
    >
      <h4>
        9
      </h4>
      <p />
    </article>
    <article
      className="day inmonth"
    >
      <h4>
        10
      </h4>
      <p />
    </article>
    <article
      className="day inmonth"
    >
      <h4>
        11
      </h4>
      <p />
    </article>
    <article
      className="day inmonth"
    >
      <h4>
        12
      </h4>
      <p />
    </article>
    <article
      className="day inmonth"
    >
      <h4>
        13
      </h4>
      <p />
    </article>
    <article
      className="day inmonth"
    >
      <h4>
        14
      </h4>
      <p />
    </article>
    <article
      className="day inmonth"
    >
      <h4>
        15
      </h4>
      <p />
    </article>
    <article
      className="day inmonth"
    >
      <h4>
        16
      </h4>
      <p />
    </article>
    <article
      className="day inmonth"
    >
      <h4>
        17
      </h4>
      <p />
    </article>
    <article
      className="day inmonth"
    >
      <h4>
        18
      </h4>
      <p />
    </article>
    <article
      className="day inmonth"
    >
      <h4>
        19
      </h4>
      <p />
    </article>
    <article
      className="day inmonth"
    >
      <h4>
        20
      </h4>
      <p />
    </article>
    <article
      className="day inmonth"
    >
      <h4>
        21
      </h4>
      <p />
    </article>
    <article
      className="day inmonth"
    >
      <h4>
        22
      </h4>
      <p />
    </article>
    <article
      className="day inmonth"
    >
      <h4>
        23
      </h4>
      <p />
    </article>
    <article
      className="day inmonth"
    >
      <h4>
        24
      </h4>
      <p />
    </article>
    <article
      className="day inmonth"
    >
      <h4>
        25
      </h4>
      <p />
    </article>
    <article
      className="day inmonth"
    >
      <h4>
        26
      </h4>
      <p />
    </article>
    <article
      className="day inmonth"
    >
      <h4>
        27
      </h4>
      <p />
    </article>
    <article
      className="day inmonth"
    >
      <h4>
        28
      </h4>
      <p />
    </article>
    <article
      className="day inmonth"
    >
      <h4>
        29
      </h4>
      <p />
    </article>
    <article
      className="day inmonth"
    >
      <h4>
        30
      </h4>
      <p />
    </article>
    <article
      className="day inmonth"
    >
      <h4>
        31
      </h4>
      <p />
    </article>
    <article
      className="day outmonth"
    >
      <h4>
        1
      </h4>
      <p />
    </article>
    <article
      className="day outmonth"
    >
      <h4>
        2
      </h4>
      <p />
    </article>
    <article
      className="day outmonth"
    >
      <h4>
        3
      </h4>
      <p />
    </article>
    <article
      className="day outmonth"
    >
      <h4>
        4
      </h4>
      <p />
    </article>
    <article
      className="day outmonth"
    >
      <h4>
        5
      </h4>
      <p />
    </article>
    <article
      className="day outmonth"
    >
      <h4>
        6
      </h4>
      <p />
    </article>
    <article
      className="day outmonth"
    >
      <h4>
        7
      </h4>
      <p />
    </article>
  </section>
</section>
`;
